[0m15:21:49.177415 [debug] [MainThread]: Sending event: {'category': 'dbt', 'action': 'invocation', 'label': 'start', 'context': [<snowplow_tracker.self_describing_json.SelfDescribingJson object at 0x000001D7B9BFE650>, <snowplow_tracker.self_describing_json.SelfDescribingJson object at 0x000001D7B8CDC510>, <snowplow_tracker.self_describing_json.SelfDescribingJson object at 0x000001D7B9BFE210>]}


============================== 15:21:49.190531 | e930986e-b42a-48d3-92c1-75d6d5ab6356 ==============================
[0m15:21:49.190531 [info ] [MainThread]: Running with dbt=1.11.2
[0m15:21:49.193523 [debug] [MainThread]: running dbt with arguments {'version_check': 'True', 'no_print': 'None', 'static_parser': 'True', 'warn_error_options': 'WarnErrorOptionsV2(error=[], warn=[], silence=[])', 'target_path': 'None', 'printer_width': '80', 'write_json': 'True', 'empty': 'None', 'log_cache_events': 'False', 'introspect': 'True', 'cache_selected_only': 'False', 'fail_fast': 'False', 'debug': 'False', 'log_format': 'default', 'partial_parse': 'True', 'send_anonymous_usage_stats': 'True', 'quiet': 'False', 'warn_error': 'None', 'profiles_dir': 'C:\\Users\\User\\.dbt', 'invocation_command': 'dbt init churn_analytics', 'use_colors': 'True', 'indirect_selection': 'eager', 'use_experimental_parser': 'False', 'log_path': 'logs'}
[0m15:21:49.300997 [info ] [MainThread]: Creating dbt configuration folder at C:\Users\User\.dbt
[0m15:21:49.308580 [info ] [MainThread]: A project called churn_analytics already exists here.
[0m15:21:49.311572 [debug] [MainThread]: Command `dbt init` succeeded at 15:21:49.310574 after 0.49 seconds
[0m15:21:49.314573 [debug] [MainThread]: Sending event: {'category': 'dbt', 'action': 'invocation', 'label': 'end', 'context': [<snowplow_tracker.self_describing_json.SelfDescribingJson object at 0x000001D7B93B5BD0>, <snowplow_tracker.self_describing_json.SelfDescribingJson object at 0x000001D7B9B98BD0>, <snowplow_tracker.self_describing_json.SelfDescribingJson object at 0x000001D7B4837B50>]}
[0m15:21:49.321571 [debug] [MainThread]: Flushing usage events
[0m15:21:50.546427 [debug] [MainThread]: An error was encountered while trying to flush usage events
[0m15:28:28.779990 [debug] [MainThread]: Sending event: {'category': 'dbt', 'action': 'invocation', 'label': 'start', 'context': [<snowplow_tracker.self_describing_json.SelfDescribingJson object at 0x000001E8B028A0D0>, <snowplow_tracker.self_describing_json.SelfDescribingJson object at 0x000001E8B2A9AB10>, <snowplow_tracker.self_describing_json.SelfDescribingJson object at 0x000001E8B1E3C510>]}


============================== 15:28:28.790537 | dc8ce5b2-affd-49bd-8f8d-fa8a24789700 ==============================
[0m15:28:28.790537 [info ] [MainThread]: Running with dbt=1.11.2
[0m15:28:28.792473 [debug] [MainThread]: running dbt with arguments {'version_check': 'True', 'no_print': 'None', 'static_parser': 'True', 'warn_error_options': 'WarnErrorOptionsV2(error=[], warn=[], silence=[])', 'target_path': 'None', 'printer_width': '80', 'write_json': 'True', 'introspect': 'True', 'log_cache_events': 'False', 'empty': 'None', 'cache_selected_only': 'False', 'fail_fast': 'False', 'debug': 'False', 'log_format': 'default', 'partial_parse': 'True', 'send_anonymous_usage_stats': 'True', 'quiet': 'False', 'warn_error': 'None', 'profiles_dir': 'C:\\Users\\User\\.dbt', 'invocation_command': 'dbt init churn_analytics', 'indirect_selection': 'eager', 'use_colors': 'True', 'use_experimental_parser': 'False', 'log_path': 'logs'}
[0m15:28:28.832987 [debug] [MainThread]: Starter project path: C:\Users\User\end-to-end-data-engineering-churn\venv\Lib\site-packages\dbt\include\starter_project
[0m15:28:28.865956 [info ] [MainThread]: 
Your new dbt project "churn_analytics" was created!

For more information on how to configure the profiles.yml file,
please consult the dbt documentation here:

  https://docs.getdbt.com/docs/configure-your-profile

One more thing:

Need help? Don't hesitate to reach out to us via GitHub issues or on Slack:

  https://community.getdbt.com/

Happy modeling!

[0m15:28:28.867952 [info ] [MainThread]: Setting up your profile.
[0m15:29:03.423729 [debug] [MainThread]: Spark adapter: Setting pyhive.hive logging to ERROR
[0m15:29:03.424726 [debug] [MainThread]: Spark adapter: Setting thrift.transport logging to ERROR
[0m15:29:03.425724 [debug] [MainThread]: Spark adapter: Setting thrift.protocol logging to ERROR
[0m15:53:03.937504 [info ] [MainThread]: Profile churn_analytics written to C:\Users\User\.dbt\profiles.yml using target's profile_template.yml and your supplied values. Run 'dbt debug' to validate the connection.
[0m15:53:04.132680 [debug] [MainThread]: Command `dbt init` succeeded at 15:53:04.128081 after 1475.56 seconds
[0m15:53:04.152855 [debug] [MainThread]: Sending event: {'category': 'dbt', 'action': 'invocation', 'label': 'end', 'context': [<snowplow_tracker.self_describing_json.SelfDescribingJson object at 0x000001E8B2D6E090>, <snowplow_tracker.self_describing_json.SelfDescribingJson object at 0x000001E8B2D6F310>, <snowplow_tracker.self_describing_json.SelfDescribingJson object at 0x000001E8ADB97B50>]}
[0m15:53:04.169076 [debug] [MainThread]: Flushing usage events
[0m15:53:05.445524 [debug] [MainThread]: An error was encountered while trying to flush usage events
